// Vitest Snapshot v1, https://vitest.dev/guide/snapshot.html

exports[`should match snapshot 1`] = `
<DocumentFragment>
  <div>
    <h3>
      Count: 0
    </h3>
    <button>
      Up
    </button>
    <button>
      Up By 2
    </button>
  </div>
</DocumentFragment>
`;
